[26Aug2026 17:20:58.393] [main/INFO] [net.neoforged.fml.startup.Entrypoint/]: JVM Uptime at startup: 406ms
[26Aug2026 17:20:58.414] [main/INFO] [net.neoforged.fml.loading.FMLLoader/]: Starting FancyModLoader version 10.0.36 (CLIENT in DEV)
[26Aug2026 17:20:58.414] [main/INFO] [net.neoforged.fml.loading.FMLLoader/]: Game directory: D:\Repos\sable\SableCraft-Standards\runThird
[26Aug2026 17:20:58.417] [main/DEBUG] [net.neoforged.fml.loading.FMLPaths/CORE]: Path GAMEDIR is D:\Repos\sable\SableCraft-Standards\runThird
[26Aug2026 17:20:58.417] [main/DEBUG] [net.neoforged.fml.loading.FMLPaths/CORE]: Path JIJ_CACHEDIR is D:\Repos\sable\SableCraft-Standards\runThird\.cache\jij
[26Aug2026 17:20:58.417] [main/DEBUG] [net.neoforged.fml.loading.FMLPaths/CORE]: Path MODSDIR is D:\Repos\sable\SableCraft-Standards\runThird\mods
[26Aug2026 17:20:58.418] [main/DEBUG] [net.neoforged.fml.loading.FMLPaths/CORE]: Path CONFIGDIR is D:\Repos\sable\SableCraft-Standards\runThird\config
[26Aug2026 17:20:58.418] [main/DEBUG] [net.neoforged.fml.loading.FMLPaths/CORE]: Path FMLCONFIG is D:\Repos\sable\SableCraft-Standards\runThird\config\fml.toml
[26Aug2026 17:20:58.518] [ForkJoinPool.commonPool-worker-4/DEBUG] [net.neoforged.fml.loading.EarlyServiceDiscovery/]: C:\Users\darre\.gradle\caches\modules-2\files-2.1\net.neoforged.fancymodloader\earlydisplay\10.0.36\dbd0e11d545443f602addede111c39d9639708f9\earlydisplay-10.0.36.jar contains early service net.neoforged.neoforgespi.earlywindow.ImmediateWindowProvider
[26Aug2026 17:20:58.518] [main/DEBUG] [net.neoforged.fml.loading.EarlyServiceDiscovery/]: C:\Users\darre\.gradle\caches\modules-2\files-2.1\net.neoforged.fancymodloader\loader\10.0.36\f72ab4d3e755fe736829883d90430a281527aca\loader-10.0.36.jar contains early service net.neoforged.neoforgespi.locating.IModFileReader
[26Aug2026 17:20:58.535] [ForkJoinPool.commonPool-worker-4/DEBUG] [net.neoforged.fml.loading.moddiscovery.ModFile/LOADING]: Loading mod file C:\Users\darre\.gradle\caches\modules-2\files-2.1\net.neoforged.fancymodloader\earlydisplay\10.0.36\dbd0e11d545443f602addede111c39d9639708f9\earlydisplay-10.0.36.jar with languages []
[26Aug2026 17:20:58.535] [main/DEBUG] [net.neoforged.fml.loading.moddiscovery.ModFile/LOADING]: Loading mod file C:\Users\darre\.gradle\caches\modules-2\files-2.1\net.neoforged.fancymodloader\loader\10.0.36\f72ab4d3e755fe736829883d90430a281527aca\loader-10.0.36.jar with languages []
[26Aug2026 17:20:58.536] [main/INFO] [net.neoforged.fml.loading.EarlyServiceDiscovery/]: Found 2 early service jars (out of 107) in 46ms
[26Aug2026 17:20:58.538] [main/INFO] [net.neoforged.fml.loading.FMLLoader/]: Loading FML Early Services:
[26Aug2026 17:20:58.539] [main/INFO] [net.neoforged.fml.loading.FMLLoader/]:  - C:/Users/darre/.gradle/caches/modules-2/files-2.1/net.neoforged.fancymodloader/earlydisplay/10.0.36/dbd0e11d545443f602addede111c39d9639708f9/earlydisplay-10.0.36.jar
[26Aug2026 17:20:58.544] [main/INFO] [net.neoforged.fml.loading.FMLLoader/]:  - C:/Users/darre/.gradle/caches/modules-2/files-2.1/net.neoforged.fancymodloader/loader/10.0.36/f72ab4d3e755fe736829883d90430a281527aca/loader-10.0.36.jar
[26Aug2026 17:20:58.551] [main/DEBUG] [net.neoforged.fml.util.ServiceLoaderUtil/CORE]: Found 0 implementations of GraphicsBootstrapper:
[26Aug2026 17:20:58.552] [main/INFO] [net.neoforged.fml.loading.ImmediateWindowHandler/]: Loading ImmediateWindowProvider fmlearlywindow
[26Aug2026 17:20:58.561] [main/DEBUG] [net.neoforged.fml.util.ServiceLoaderUtil/CORE]: Found 1 implementations of ImmediateWindowProvider:
[26Aug2026 17:20:58.563] [main/DEBUG] [net.neoforged.fml.util.ServiceLoaderUtil/CORE]: 	net.neoforged.fml.earlydisplay.DisplayWindow from C:/Users/darre/.gradle/caches/modules-2/files-2.1/net.neoforged.fancymodloader/earlydisplay/10.0.36/dbd0e11d545443f602addede111c39d9639708f9/earlydisplay-10.0.36.jar
[26Aug2026 17:20:58.642] [main/DEBUG] [net.neoforged.fml.earlydisplay.theme.ThemeLoader/]: Loading built-in theme default
[26Aug2026 17:20:59.459] [ForkJoinPool.commonPool-worker-12/DEBUG] [net.neoforged.fml.util.ServiceLoaderUtil/CORE]: Found 4 implementations of IModFileCandidateLocator:
[26Aug2026 17:20:59.460] [ForkJoinPool.commonPool-worker-12/DEBUG] [net.neoforged.fml.util.ServiceLoaderUtil/CORE]: 	    1000 - [built-in] net.neoforged.fml.loading.moddiscovery.locators.GameLocator from C:/Users/darre/.gradle/caches/modules-2/files-2.1/net.neoforged.fancymodloader/loader/10.0.36/f72ab4d3e755fe736829883d90430a281527aca/loader-10.0.36.jar
[26Aug2026 17:20:59.461] [ForkJoinPool.commonPool-worker-12/DEBUG] [net.neoforged.fml.util.ServiceLoaderUtil/CORE]: 	    1000 - [built-in] net.neoforged.fml.loading.moddiscovery.locators.InDevFolderLocator from C:/Users/darre/.gradle/caches/modules-2/files-2.1/net.neoforged.fancymodloader/loader/10.0.36/f72ab4d3e755fe736829883d90430a281527aca/loader-10.0.36.jar
[26Aug2026 17:20:59.461] [ForkJoinPool.commonPool-worker-12/DEBUG] [net.neoforged.fml.util.ServiceLoaderUtil/CORE]: 	    1000 - [built-in] net.neoforged.fml.loading.moddiscovery.locators.InDevJarLocator from C:/Users/darre/.gradle/caches/modules-2/files-2.1/net.neoforged.fancymodloader/loader/10.0.36/f72ab4d3e755fe736829883d90430a281527aca/loader-10.0.36.jar
[26Aug2026 17:20:59.462] [ForkJoinPool.commonPool-worker-12/DEBUG] [net.neoforged.fml.util.ServiceLoaderUtil/CORE]: 	       0 - [built-in] net.neoforged.fml.loading.moddiscovery.locators.ModsFolderLocator from C:/Users/darre/.gradle/caches/modules-2/files-2.1/net.neoforged.fancymodloader/loader/10.0.36/f72ab4d3e755fe736829883d90430a281527aca/loader-10.0.36.jar
[26Aug2026 17:20:59.465] [ForkJoinPool.commonPool-worker-12/DEBUG] [net.neoforged.fml.util.ServiceLoaderUtil/CORE]: Found 2 implementations of IModFileReader:
[26Aug2026 17:20:59.466] [ForkJoinPool.commonPool-worker-12/DEBUG] [net.neoforged.fml.util.ServiceLoaderUtil/CORE]: 	       0 - net.neoforged.fml.loading.moddiscovery.readers.JarModsDotTomlModFileReader from C:/Users/darre/.gradle/caches/modules-2/files-2.1/net.neoforged.fancymodloader/loader/10.0.36/f72ab4d3e755fe736829883d90430a281527aca/loader-10.0.36.jar
[26Aug2026 17:20:59.467] [ForkJoinPool.commonPool-worker-12/DEBUG] [net.neoforged.fml.util.ServiceLoaderUtil/CORE]: 	   -1000 - net.neoforged.fml.loading.moddiscovery.readers.NestedLibraryModReader from C:/Users/darre/.gradle/caches/modules-2/files-2.1/net.neoforged.fancymodloader/loader/10.0.36/f72ab4d3e755fe736829883d90430a281527aca/loader-10.0.36.jar
[26Aug2026 17:20:59.472] [ForkJoinPool.commonPool-worker-12/DEBUG] [net.neoforged.fml.util.ServiceLoaderUtil/CORE]: Found 1 implementations of IDependencyLocator:
[26Aug2026 17:20:59.472] [ForkJoinPool.commonPool-worker-12/DEBUG] [net.neoforged.fml.util.ServiceLoaderUtil/CORE]: 	       0 - net.neoforged.fml.loading.moddiscovery.locators.JarInJarDependencyLocator from C:/Users/darre/.gradle/caches/modules-2/files-2.1/net.neoforged.fancymodloader/loader/10.0.36/f72ab4d3e755fe736829883d90430a281527aca/loader-10.0.36.jar
[26Aug2026 17:20:59.559] [ForkJoinPool.commonPool-worker-12/DEBUG] [net.neoforged.fml.loading.moddiscovery.locators.RequiredSystemFiles/]: Found NeoForge MANIFEST.MF in jar(D:/Repos/sable/SableCraft-Standards/build-win-TestThird/moddev/artifacts/neoforge-21.11.42.jar)
[26Aug2026 17:20:59.564] [ForkJoinPool.commonPool-worker-12/INFO] [net.neoforged.fml.loading.moddiscovery.locators.GameLocator/]: Detected a joined NeoForge and Minecraft configuration. Applying filtering...
[26Aug2026 17:20:59.713] [ForkJoinPool.commonPool-worker-12/DEBUG] [net.neoforged.fml.loading.moddiscovery.ModFileInfo/LOADING]: Found valid mod file neoforge-21.11.42-client-extra-aka-minecraft-resources.jar with {minecraft} mods - versions {1.21.11}
[26Aug2026 17:20:59.719] [ForkJoinPool.commonPool-worker-12/DEBUG] [net.neoforged.fml.loading.moddiscovery.ModFile/LOADING]: Loading mod file D:\Repos\sable\SableCraft-Standards\build-win-TestThird\moddev\artifacts\neoforge-21.11.42-client-extra-aka-minecraft-resources.jar with languages [LanguageSpec[languageName=minecraft, acceptedVersions=1]]
[26Aug2026 17:20:59.720] [ForkJoinPool.commonPool-worker-12/DEBUG] [net.neoforged.fml.loading.moddiscovery.ModFileParser/LOADING]: Considering mod file candidate D:\Repos\sable\SableCraft-Standards\build-win-TestThird\moddev\artifacts\neoforge-21.11.42.jar
[26Aug2026 17:20:59.726] [ForkJoinPool.commonPool-worker-12/DEBUG] [net.neoforged.fml.loading.moddiscovery.ModFileInfo/LOADING]: Found valid mod file neoforge-21.11.42.jar with {neoforge} mods - versions {21.11.42}
[26Aug2026 17:20:59.727] [ForkJoinPool.commonPool-worker-12/DEBUG] [net.neoforged.fml.loading.moddiscovery.ModFile/LOADING]: Loading mod file D:\Repos\sable\SableCraft-Standards\build-win-TestThird\moddev\artifacts\neoforge-21.11.42.jar with languages [LanguageSpec[languageName=javafml, acceptedVersions=[3,]]]
[26Aug2026 17:20:59.737] [ForkJoinPool.commonPool-worker-12/DEBUG] [net.neoforged.fml.loading.moddiscovery.ModFile/LOADING]: Found mixin config MixinConfig[config=neoforge.mixins.json, requiredMods=[], behaviorVersion=null]
[26Aug2026 17:20:59.740] [ForkJoinPool.commonPool-worker-12/INFO] [net.neoforged.fml.loading.moddiscovery.locators.InDevFolderLocator/CORE]: Got mod coordinates standards%%D:\Repos\sable\SableCraft-Standards\build-win-TestThird\classes\java\main;standards%%D:\Repos\sable\SableCraft-Standards\build-win-TestThird\resources\main;factions%%D:\Repos\sable\SableCraft-Standards\build-win-TestThird\classes\java\main;factions%%D:\Repos\sable\SableCraft-Standards\build-win-TestThird\resources\main from env
[26Aug2026 17:20:59.752] [ForkJoinPool.commonPool-worker-12/DEBUG] [net.neoforged.fml.loading.moddiscovery.ModFileParser/LOADING]: Considering mod file candidate D:\Repos\sable\SableCraft-Standards\build-win-TestThird\classes\java\main
[26Aug2026 17:20:59.761] [ForkJoinPool.commonPool-worker-12/DEBUG] [net.neoforged.fml.loading.moddiscovery.ModFileInfo/LOADING]: Found valid mod file main with {standards} mods - versions {1.0.0}
[26Aug2026 17:20:59.761] [ForkJoinPool.commonPool-worker-12/DEBUG] [net.neoforged.fml.loading.moddiscovery.ModFile/LOADING]: Loading mod file D:\Repos\sable\SableCraft-Standards\build-win-TestThird\classes\java\main with languages [LanguageSpec[languageName=javafml, acceptedVersions=[1,)]]
[26Aug2026 17:20:59.761] [ForkJoinPool.commonPool-worker-12/DEBUG] [net.neoforged.fml.loading.moddiscovery.ModFile/LOADING]: Found mixin config MixinConfig[config=standards.mixins.json, requiredMods=[], behaviorVersion=null]
[26Aug2026 17:20:59.765] [ForkJoinPool.commonPool-worker-12/DEBUG] [net.neoforged.fml.loading.moddiscovery.ModFileParser/LOADING]: Considering mod file candidate D:\Repos\sable\Factions-ReForged\build-win-TestThird\libs\factions-0.1.0+mc1.21.11.jar
[26Aug2026 17:20:59.767] [ForkJoinPool.commonPool-worker-12/DEBUG] [net.neoforged.fml.loading.moddiscovery.ModFileInfo/LOADING]: Found valid mod file factions-0.1.0+mc1.21.11.jar with {factions} mods - versions {0.1.0}
[26Aug2026 17:20:59.767] [ForkJoinPool.commonPool-worker-12/DEBUG] [net.neoforged.fml.loading.moddiscovery.ModFile/LOADING]: Loading mod file D:\Repos\sable\Factions-ReForged\build-win-TestThird\libs\factions-0.1.0+mc1.21.11.jar with languages [LanguageSpec[languageName=javafml, acceptedVersions=[1,)]]
[26Aug2026 17:20:59.768] [ForkJoinPool.commonPool-worker-12/DEBUG] [net.neoforged.fml.loading.moddiscovery.ModDiscoverer/]: Skipping D:\Repos\sable\SableCraft-Standards\build-win-TestThird\moddev\artifacts\neoforge-21.11.42.jar because it was already located earlier
[26Aug2026 17:20:59.768] [ForkJoinPool.commonPool-worker-12/DEBUG] [net.neoforged.fml.loading.moddiscovery.ModFileParser/LOADING]: Considering mod file candidate D:\Repos\sable\SableCraft-Standards\build-win-TestThird\libs\standards-1.0.0+mc1.21.11.jar
[26Aug2026 17:20:59.770] [ForkJoinPool.commonPool-worker-12/DEBUG] [net.neoforged.fml.loading.moddiscovery.ModFileInfo/LOADING]: Found valid mod file standards-1.0.0+mc1.21.11.jar with {standards} mods - versions {1.0.0}
[26Aug2026 17:20:59.772] [ForkJoinPool.commonPool-worker-12/DEBUG] [net.neoforged.fml.loading.moddiscovery.ModFile/LOADING]: Loading mod file D:\Repos\sable\SableCraft-Standards\build-win-TestThird\libs\standards-1.0.0+mc1.21.11.jar with languages [LanguageSpec[languageName=javafml, acceptedVersions=[1,)]]
[26Aug2026 17:20:59.772] [ForkJoinPool.commonPool-worker-12/DEBUG] [net.neoforged.fml.loading.moddiscovery.ModFile/LOADING]: Found mixin config MixinConfig[config=standards.mixins.json, requiredMods=[], behaviorVersion=null]
[26Aug2026 17:20:59.857] [ForkJoinPool.commonPool-worker-12/INFO] [net.neoforged.fml.loading.UniqueModListBuilder/]: Found 2 mod files for modid standards, selecting main as it is the most recent based on version data:
	1.0.0 from main
	1.0.0 from standards-1.0.0+mc1.21.11.jar
[26Aug2026 17:20:59.860] [fml-loadingscreen/INFO] [net.neoforged.fml.earlydisplay.render.LoadingScreenRenderer/]: GL info: Intel(R) Arc(TM) Graphics GL version 3.3.0 - Build 32.0.101.8247, Intel
[26Aug2026 17:20:59.996] [ForkJoinPool.commonPool-worker-12/DEBUG] [net.neoforged.fml.loading.moddiscovery.ModFile/LOADING]: Loading mod file D:\Repos\sable\SableCraft-Standards\runThird\.cache\jij\9822e773bd9f42d36ed53ea3d67486207291747a7bfacc29beeb92040721bc9b\mixinextras-neoforge-0.5.3.jar with languages []
[26Aug2026 17:21:00.143] [ForkJoinPool.commonPool-worker-12/DEBUG] [net.neoforged.fml.loading.moddiscovery.ModFile/LOADING]: Loading mod file D:\Repos\sable\SableCraft-Standards\runThird\.cache\jij\54bb3c61f37ced77ba30dc02ca5b2f71ced259612101a8b1325855cff9d9755c\net.neoforged.neoforge-coremods-21.11.42.jar with languages []
[26Aug2026 17:21:00.206] [ForkJoinPool.commonPool-worker-12/INFO] [net.neoforged.fml.loading.moddiscovery.locators.JarInJarDependencyLocator/]: Found 2 dependencies adding them to mods collection
[26Aug2026 17:21:00.212] [ForkJoinPool.commonPool-worker-12/INFO] [net.neoforged.fml.loading.moddiscovery.ModDiscoverer/]: 
     Mod List:
		Name Version (Mod Id)

		Factions ReForged 0.1.0 (factions)
		Minecraft 1.21.11 (minecraft)
		NeoForge 21.11.42 (neoforge)
		SableCraft Standards 1.0.0 (standards)
[26Aug2026 17:21:00.219] [ForkJoinPool.commonPool-worker-12/DEBUG] [net.neoforged.fml.loading.ModSorter/]: Configured system mods: [minecraft, neoforge]
[26Aug2026 17:21:00.219] [ForkJoinPool.commonPool-worker-12/DEBUG] [net.neoforged.fml.loading.ModSorter/]: Found system mod: minecraft
[26Aug2026 17:21:00.219] [ForkJoinPool.commonPool-worker-12/DEBUG] [net.neoforged.fml.loading.ModSorter/]: Found system mod: neoforge
[26Aug2026 17:21:00.222] [ForkJoinPool.commonPool-worker-12/DEBUG] [net.neoforged.fml.loading.ModSorter/LOADING]: Found 5 mod requirements (5 mandatory, 0 optional)
[26Aug2026 17:21:00.224] [ForkJoinPool.commonPool-worker-12/DEBUG] [net.neoforged.fml.loading.ModSorter/LOADING]: Found 0 mod requirements missing (0 mandatory, 0 optional)
[26Aug2026 17:21:00.646] [main/INFO] [mixin/]: SpongePowered MIXIN Subsystem Version=0.8.7 Source=file:/C:/Users/darre/.gradle/caches/modules-2/files-2.1/net.fabricmc/sponge-mixin/0.16.5+mixin.0.8.7/80fc3a9f592673cea87f4cd702f87991c6c9fe4d/sponge-mixin-0.16.5+mixin.0.8.7.jar Service=FML Env=CLIENT
[26Aug2026 17:21:00.745] [main/DEBUG] [mixin/]: Initialising Mixin Platform Manager
[26Aug2026 17:21:00.745] [main/DEBUG] [mixin/]: Adding mixin platform agents for container ContainerHandleVirtual(fml:18c85)
[26Aug2026 17:21:00.754] [main/DEBUG] [mixin/]: Instancing new MixinPlatformAgentDefault for ContainerHandleVirtual(fml:18c85)
[26Aug2026 17:21:00.756] [main/DEBUG] [mixin/]: MixinPlatformAgentDefault accepted container ContainerHandleVirtual(fml:18c85)
[26Aug2026 17:21:00.756] [main/DEBUG] [mixin/]: Instancing new MixinPlatformAgentDefault for ContainerHandleVirtual(fml:18c85)
[26Aug2026 17:21:00.756] [main/DEBUG] [mixin/]: MixinPlatformAgentDefault accepted container ContainerHandleVirtual(fml:18c85)
[26Aug2026 17:21:00.759] [main/DEBUG] [mixin/]: Processing prepare() for PlatformAgent[MixinPlatformAgentDefault:ContainerHandleVirtual(fml:18c85)]
[26Aug2026 17:21:00.759] [main/DEBUG] [mixin/]: Processing prepare() for PlatformAgent[MixinPlatformAgentDefault:ContainerHandleVirtual(fml:18c85)]
[26Aug2026 17:21:00.764] [main/INFO] [net.neoforged.fml.loading.FMLLoader/]: Loading FML Plugins:
[26Aug2026 17:21:00.765] [main/INFO] [net.neoforged.fml.loading.FMLLoader/]:  - D:/Repos/sable/SableCraft-Standards/build-win-TestThird/moddev/artifacts/neoforge-21.11.42.jar > net.neoforged.neoforge-coremods-21.11.42.jar
[26Aug2026 17:21:00.780] [main/DEBUG] [net.neoforged.fml.util.ServiceLoaderUtil/CORE]: Found 2 implementations of IModLanguageLoader:
[26Aug2026 17:21:00.782] [main/DEBUG] [net.neoforged.fml.util.ServiceLoaderUtil/CORE]: 	net.neoforged.fml.javafmlmod.FMLJavaModLanguageProvider from C:/Users/darre/.gradle/caches/modules-2/files-2.1/net.neoforged.fancymodloader/loader/10.0.36/f72ab4d3e755fe736829883d90430a281527aca/loader-10.0.36.jar
[26Aug2026 17:21:00.782] [main/DEBUG] [net.neoforged.fml.util.ServiceLoaderUtil/CORE]: 	net.neoforged.fml.mclanguageprovider.MinecraftModLanguageProvider from C:/Users/darre/.gradle/caches/modules-2/files-2.1/net.neoforged.fancymodloader/loader/10.0.36/f72ab4d3e755fe736829883d90430a281527aca/loader-10.0.36.jar
[26Aug2026 17:21:00.785] [main/DEBUG] [net.neoforged.fml.loading.LanguageProviderLoader/CORE]: Found language provider javafml, version 10.0
[26Aug2026 17:21:00.789] [main/DEBUG] [net.neoforged.fml.loading.LanguageProviderLoader/CORE]: Found language provider minecraft, version 10.0
[26Aug2026 17:21:00.805] [main/DEBUG] [net.neoforged.fml.loading.FMLLoader/]: Adding Access Transformer META-INF/accesstransformer.cfg in composite(filtered(jar(D:/Repos/sable/SableCraft-Standards/build-win-TestThird/moddev/artifacts/neoforge-21.11.42.jar)))
[26Aug2026 17:21:00.873] [main/DEBUG] [net.neoforged.fml.loading.FMLLoader/]: Adding Access Transformer META-INF/accesstransformergenerated.cfg in composite(filtered(jar(D:/Repos/sable/SableCraft-Standards/build-win-TestThird/moddev/artifacts/neoforge-21.11.42.jar)))
[26Aug2026 17:21:00.909] [main/DEBUG] [net.neoforged.fml.util.ServiceLoaderUtil/CORE]: Found 5 implementations of ClassProcessor:
[26Aug2026 17:21:00.910] [main/DEBUG] [net.neoforged.fml.util.ServiceLoaderUtil/CORE]: 	[built-in] net.neoforged.fml.common.asm.AccessTransformerService from C:/Users/darre/.gradle/caches/modules-2/files-2.1/net.neoforged.fancymodloader/loader/10.0.36/f72ab4d3e755fe736829883d90430a281527aca/loader-10.0.36.jar
[26Aug2026 17:21:00.910] [main/DEBUG] [net.neoforged.fml.util.ServiceLoaderUtil/CORE]: 	[built-in] net.neoforged.fml.common.asm.enumextension.RuntimeEnumExtender from C:/Users/darre/.gradle/caches/modules-2/files-2.1/net.neoforged.fancymodloader/loader/10.0.36/f72ab4d3e755fe736829883d90430a281527aca/loader-10.0.36.jar
[26Aug2026 17:21:00.911] [main/DEBUG] [net.neoforged.fml.util.ServiceLoaderUtil/CORE]: 	[built-in] net.neoforged.fml.common.asm.SimpleProcessorsGroup from C:/Users/darre/.gradle/caches/modules-2/files-2.1/net.neoforged.fancymodloader/loader/10.0.36/f72ab4d3e755fe736829883d90430a281527aca/loader-10.0.36.jar
[26Aug2026 17:21:00.911] [main/DEBUG] [net.neoforged.fml.util.ServiceLoaderUtil/CORE]: 	[built-in] net.neoforged.fml.loading.moddiscovery.locators.NeoForgeDevDistCleaner from C:/Users/darre/.gradle/caches/modules-2/files-2.1/net.neoforged.fancymodloader/loader/10.0.36/f72ab4d3e755fe736829883d90430a281527aca/loader-10.0.36.jar
[26Aug2026 17:21:00.911] [main/DEBUG] [net.neoforged.fml.util.ServiceLoaderUtil/CORE]: 	[built-in] net.neoforged.fml.loading.mixin.FMLMixinClassProcessor from C:/Users/darre/.gradle/caches/modules-2/files-2.1/net.neoforged.fancymodloader/loader/10.0.36/f72ab4d3e755fe736829883d90430a281527aca/loader-10.0.36.jar
[26Aug2026 17:21:00.918] [main/DEBUG] [net.neoforged.fml.util.ServiceLoaderUtil/CORE]: Found 1 implementations of ClassProcessorProvider:
[26Aug2026 17:21:00.918] [main/DEBUG] [net.neoforged.fml.util.ServiceLoaderUtil/CORE]: 	net.neoforged.neoforge.coremods.NeoForgeCoreMod from D:/Repos/sable/SableCraft-Standards/build-win-TestThird/moddev/artifacts/neoforge-21.11.42.jar > net.neoforged.neoforge-coremods-21.11.42.jar
[26Aug2026 17:21:01.005] [main/DEBUG] [net.neoforged.fml.loading.FMLLoader/]: Masking classpath elements: [D:/Repos/sable/Factions-ReForged/build-win-TestThird/libs/factions-0.1.0+mc1.21.11.jar, D:/Repos/sable/SableCraft-Standards/build-win-TestThird/resources/main, D:/Repos/sable/SableCraft-Standards/build-win-TestThird/classes/java/main, D:/Repos/sable/SableCraft-Standards/build-win-TestThird/moddev/artifacts/neoforge-21.11.42-client-extra-aka-minecraft-resources.jar, D:/Repos/sable/SableCraft-Standards/build-win-TestThird/moddev/artifacts/neoforge-21.11.42.jar]
[26Aug2026 17:21:01.030] [main/INFO] [net.neoforged.fml.loading.FMLLoader/]: Building game content classloader:
 - factions (jar(D:/Repos/sable/Factions-ReForged/build-win-TestThird/libs/factions-0.1.0+mc1.21.11.jar))
 - minecraft (composite(jar(D:/Repos/sable/SableCraft-Standards/build-win-TestThird/moddev/artifacts/neoforge-21.11.42-client-extra-aka-minecraft-resources.jar), filtered(jar(D:/Repos/sable/SableCraft-Standards/build-win-TestThird/moddev/artifacts/neoforge-21.11.42.jar))))
 - mixinextras.neoforge (jar(D:/Repos/sable/SableCraft-Standards/build-win-TestThird/moddev/artifacts/neoforge-21.11.42.jar > mixinextras-neoforge-0.5.3.jar))
 - neoforge (composite(filtered(jar(D:/Repos/sable/SableCraft-Standards/build-win-TestThird/moddev/artifacts/neoforge-21.11.42.jar))))
 - net.neoforged.fml.generated (empty(VirtualJar/net.neoforged.fml.generated))
 - standards (composite(folder(D:/Repos/sable/SableCraft-Standards/build-win-TestThird/classes/java/main), folder(D:/Repos/sable/SableCraft-Standards/build-win-TestThird/resources/main)))
[26Aug2026 17:21:01.065] [main/INFO] [net.neoforged.fml.loading.FMLLoader/]: Built game content classloader in 59ms
[26Aug2026 17:21:01.215] [main/DEBUG] [mixin/]: Processing launch tasks for PlatformAgent[MixinPlatformAgentDefault:ContainerHandleVirtual(fml:18c85)]
[26Aug2026 17:21:01.215] [main/DEBUG] [mixin/]: Processing launch tasks for PlatformAgent[MixinPlatformAgentDefault:ContainerHandleVirtual(fml:18c85)]
[26Aug2026 17:21:01.216] [main/DEBUG] [mixin/]: Adding agents for Mixin Container composite(filtered(jar(D:/Repos/sable/SableCraft-Standards/build-win-TestThird/moddev/artifacts/neoforge-21.11.42.jar))) > jar(D:/Repos/sable/SableCraft-Standards/build-win-TestThird/moddev/artifacts/neoforge-21.11.42.jar > net.neoforged.neoforge-coremods-21.11.42.jar)
[26Aug2026 17:21:01.216] [main/DEBUG] [mixin/]: Adding mixin platform agents for container composite(filtered(jar(D:/Repos/sable/SableCraft-Standards/build-win-TestThird/moddev/artifacts/neoforge-21.11.42.jar))) > jar(D:/Repos/sable/SableCraft-Standards/build-win-TestThird/moddev/artifacts/neoforge-21.11.42.jar > net.neoforged.neoforge-coremods-21.11.42.jar)
[26Aug2026 17:21:01.216] [main/DEBUG] [mixin/]: Instancing new MixinPlatformAgentDefault for composite(filtered(jar(D:/Repos/sable/SableCraft-Standards/build-win-TestThird/moddev/artifacts/neoforge-21.11.42.jar))) > jar(D:/Repos/sable/SableCraft-Standards/build-win-TestThird/moddev/artifacts/neoforge-21.11.42.jar > net.neoforged.neoforge-coremods-21.11.42.jar)
[26Aug2026 17:21:01.217] [main/DEBUG] [mixin/]: MixinPlatformAgentDefault accepted container composite(filtered(jar(D:/Repos/sable/SableCraft-Standards/build-win-TestThird/moddev/artifacts/neoforge-21.11.42.jar))) > jar(D:/Repos/sable/SableCraft-Standards/build-win-TestThird/moddev/artifacts/neoforge-21.11.42.jar > net.neoforged.neoforge-coremods-21.11.42.jar)
[26Aug2026 17:21:01.217] [main/DEBUG] [mixin/]: Instancing new MixinPlatformAgentDefault for composite(filtered(jar(D:/Repos/sable/SableCraft-Standards/build-win-TestThird/moddev/artifacts/neoforge-21.11.42.jar))) > jar(D:/Repos/sable/SableCraft-Standards/build-win-TestThird/moddev/artifacts/neoforge-21.11.42.jar > net.neoforged.neoforge-coremods-21.11.42.jar)
[26Aug2026 17:21:01.217] [main/DEBUG] [mixin/]: MixinPlatformAgentDefault accepted container composite(filtered(jar(D:/Repos/sable/SableCraft-Standards/build-win-TestThird/moddev/artifacts/neoforge-21.11.42.jar))) > jar(D:/Repos/sable/SableCraft-Standards/build-win-TestThird/moddev/artifacts/neoforge-21.11.42.jar > net.neoforged.neoforge-coremods-21.11.42.jar)
[26Aug2026 17:21:01.217] [main/DEBUG] [mixin/]: Processing prepare() for PlatformAgent[MixinPlatformAgentDefault:composite(filtered(jar(D:/Repos/sable/SableCraft-Standards/build-win-TestThird/moddev/artifacts/neoforge-21.11.42.jar))) > jar(D:/Repos/sable/SableCraft-Standards/build-win-TestThird/moddev/artifacts/neoforge-21.11.42.jar > net.neoforged.neoforge-coremods-21.11.42.jar)]
[26Aug2026 17:21:01.217] [main/DEBUG] [mixin/]: Processing prepare() for PlatformAgent[MixinPlatformAgentDefault:composite(filtered(jar(D:/Repos/sable/SableCraft-Standards/build-win-TestThird/moddev/artifacts/neoforge-21.11.42.jar))) > jar(D:/Repos/sable/SableCraft-Standards/build-win-TestThird/moddev/artifacts/neoforge-21.11.42.jar > net.neoforged.neoforge-coremods-21.11.42.jar)]
[26Aug2026 17:21:01.218] [main/DEBUG] [mixin/]: Adding agents for Mixin Container composite(filtered(jar(D:/Repos/sable/SableCraft-Standards/build-win-TestThird/moddev/artifacts/neoforge-21.11.42.jar))) > jar(D:/Repos/sable/SableCraft-Standards/build-win-TestThird/moddev/artifacts/neoforge-21.11.42.jar > mixinextras-neoforge-0.5.3.jar)
[26Aug2026 17:21:01.218] [main/DEBUG] [mixin/]: Adding mixin platform agents for container composite(filtered(jar(D:/Repos/sable/SableCraft-Standards/build-win-TestThird/moddev/artifacts/neoforge-21.11.42.jar))) > jar(D:/Repos/sable/SableCraft-Standards/build-win-TestThird/moddev/artifacts/neoforge-21.11.42.jar > mixinextras-neoforge-0.5.3.jar)
[26Aug2026 17:21:01.218] [main/DEBUG] [mixin/]: Instancing new MixinPlatformAgentDefault for composite(filtered(jar(D:/Repos/sable/SableCraft-Standards/build-win-TestThird/moddev/artifacts/neoforge-21.11.42.jar))) > jar(D:/Repos/sable/SableCraft-Standards/build-win-TestThird/moddev/artifacts/neoforge-21.11.42.jar > mixinextras-neoforge-0.5.3.jar)
[26Aug2026 17:21:01.218] [main/DEBUG] [mixin/]: MixinPlatformAgentDefault accepted container composite(filtered(jar(D:/Repos/sable/SableCraft-Standards/build-win-TestThird/moddev/artifacts/neoforge-21.11.42.jar))) > jar(D:/Repos/sable/SableCraft-Standards/build-win-TestThird/moddev/artifacts/neoforge-21.11.42.jar > mixinextras-neoforge-0.5.3.jar)
[26Aug2026 17:21:01.218] [main/DEBUG] [mixin/]: Instancing new MixinPlatformAgentDefault for composite(filtered(jar(D:/Repos/sable/SableCraft-Standards/build-win-TestThird/moddev/artifacts/neoforge-21.11.42.jar))) > jar(D:/Repos/sable/SableCraft-Standards/build-win-TestThird/moddev/artifacts/neoforge-21.11.42.jar > mixinextras-neoforge-0.5.3.jar)
[26Aug2026 17:21:01.218] [main/DEBUG] [mixin/]: MixinPlatformAgentDefault accepted container composite(filtered(jar(D:/Repos/sable/SableCraft-Standards/build-win-TestThird/moddev/artifacts/neoforge-21.11.42.jar))) > jar(D:/Repos/sable/SableCraft-Standards/build-win-TestThird/moddev/artifacts/neoforge-21.11.42.jar > mixinextras-neoforge-0.5.3.jar)
[26Aug2026 17:21:01.219] [main/DEBUG] [mixin/]: Processing prepare() for PlatformAgent[MixinPlatformAgentDefault:composite(filtered(jar(D:/Repos/sable/SableCraft-Standards/build-win-TestThird/moddev/artifacts/neoforge-21.11.42.jar))) > jar(D:/Repos/sable/SableCraft-Standards/build-win-TestThird/moddev/artifacts/neoforge-21.11.42.jar > mixinextras-neoforge-0.5.3.jar)]
[26Aug2026 17:21:01.219] [main/DEBUG] [mixin/]: Registering mixin config: mixinextras.init.mixins.json source=composite(filtered(jar(D:/Repos/sable/SableCraft-Standards/build-win-TestThird/moddev/artifacts/neoforge-21.11.42.jar))) > jar(D:/Repos/sable/SableCraft-Standards/build-win-TestThird/moddev/artifacts/neoforge-21.11.42.jar > mixinextras-neoforge-0.5.3.jar)
[26Aug2026 17:21:01.225] [main/DEBUG] [mixin/]: Processing prepare() for PlatformAgent[MixinPlatformAgentDefault:composite(filtered(jar(D:/Repos/sable/SableCraft-Standards/build-win-TestThird/moddev/artifacts/neoforge-21.11.42.jar))) > jar(D:/Repos/sable/SableCraft-Standards/build-win-TestThird/moddev/artifacts/neoforge-21.11.42.jar > mixinextras-neoforge-0.5.3.jar)]
[26Aug2026 17:21:01.226] [main/DEBUG] [mixin/]: Registering mixin config: mixinextras.init.mixins.json source=composite(filtered(jar(D:/Repos/sable/SableCraft-Standards/build-win-TestThird/moddev/artifacts/neoforge-21.11.42.jar))) > jar(D:/Repos/sable/SableCraft-Standards/build-win-TestThird/moddev/artifacts/neoforge-21.11.42.jar > mixinextras-neoforge-0.5.3.jar)
[26Aug2026 17:21:01.227] [main/DEBUG] [mixin/]: inject() running with 3 agents
[26Aug2026 17:21:01.227] [main/DEBUG] [mixin/]: Processing inject() for PlatformAgent[MixinPlatformAgentDefault:ContainerHandleVirtual(fml:18c85)]
[26Aug2026 17:21:01.227] [main/DEBUG] [mixin/]: Processing inject() for PlatformAgent[MixinPlatformAgentDefault:ContainerHandleVirtual(fml:18c85)]
[26Aug2026 17:21:01.227] [main/DEBUG] [mixin/]: Processing inject() for PlatformAgent[MixinPlatformAgentDefault:composite(filtered(jar(D:/Repos/sable/SableCraft-Standards/build-win-TestThird/moddev/artifacts/neoforge-21.11.42.jar))) > jar(D:/Repos/sable/SableCraft-Standards/build-win-TestThird/moddev/artifacts/neoforge-21.11.42.jar > net.neoforged.neoforge-coremods-21.11.42.jar)]
[26Aug2026 17:21:01.227] [main/DEBUG] [mixin/]: Processing inject() for PlatformAgent[MixinPlatformAgentDefault:composite(filtered(jar(D:/Repos/sable/SableCraft-Standards/build-win-TestThird/moddev/artifacts/neoforge-21.11.42.jar))) > jar(D:/Repos/sable/SableCraft-Standards/build-win-TestThird/moddev/artifacts/neoforge-21.11.42.jar > net.neoforged.neoforge-coremods-21.11.42.jar)]
[26Aug2026 17:21:01.228] [main/DEBUG] [mixin/]: Processing inject() for PlatformAgent[MixinPlatformAgentDefault:composite(filtered(jar(D:/Repos/sable/SableCraft-Standards/build-win-TestThird/moddev/artifacts/neoforge-21.11.42.jar))) > jar(D:/Repos/sable/SableCraft-Standards/build-win-TestThird/moddev/artifacts/neoforge-21.11.42.jar > mixinextras-neoforge-0.5.3.jar)]
[26Aug2026 17:21:01.228] [main/DEBUG] [mixin/]: Processing inject() for PlatformAgent[MixinPlatformAgentDefault:composite(filtered(jar(D:/Repos/sable/SableCraft-Standards/build-win-TestThird/moddev/artifacts/neoforge-21.11.42.jar))) > jar(D:/Repos/sable/SableCraft-Standards/build-win-TestThird/moddev/artifacts/neoforge-21.11.42.jar > mixinextras-neoforge-0.5.3.jar)]
[26Aug2026 17:21:01.236] [main/DEBUG] [mixin/]: Preparing mixins for MixinEnvironment[DEFAULT]
[26Aug2026 17:21:01.237] [main/DEBUG] [mixin/]: Selecting config standards.mixins.json
[26Aug2026 17:21:01.245] [main/DEBUG] [mixin/]: Selecting config neoforge.mixins.json
[26Aug2026 17:21:01.246] [main/DEBUG] [mixin/]: Selecting config mixinextras.init.mixins.json
[26Aug2026 17:21:01.343] [main/DEBUG] [MixinExtras|Service/]: com.llamalad7.mixinextras.service.MixinExtrasServiceImpl(version=0.5.3) is taking over from null
[26Aug2026 17:21:01.425] [main/DEBUG] [mixin/]: Registering new injector for @Inject with org.spongepowered.asm.mixin.injection.struct.CallbackInjectionInfo
[26Aug2026 17:21:01.427] [main/DEBUG] [mixin/]: Registering new injector for @ModifyArg with org.spongepowered.asm.mixin.injection.struct.ModifyArgInjectionInfo
[26Aug2026 17:21:01.429] [main/DEBUG] [mixin/]: Registering new injector for @ModifyArgs with org.spongepowered.asm.mixin.injection.struct.ModifyArgsInjectionInfo
[26Aug2026 17:21:01.432] [main/DEBUG] [mixin/]: Registering new injector for @Redirect with org.spongepowered.asm.mixin.injection.struct.RedirectInjectionInfo
[26Aug2026 17:21:01.434] [main/DEBUG] [mixin/]: Registering new injector for @ModifyVariable with org.spongepowered.asm.mixin.injection.struct.ModifyVariableInjectionInfo
[26Aug2026 17:21:01.436] [main/DEBUG] [mixin/]: Registering new injector for @ModifyConstant with org.spongepowered.asm.mixin.injection.struct.ModifyConstantInjectionInfo
[26Aug2026 17:21:01.452] [main/DEBUG] [mixin/]: Preparing standards.mixins.json (2)
[26Aug2026 17:21:01.665] [main/DEBUG] [mixin/]: Preparing neoforge.mixins.json (2)
[26Aug2026 17:21:01.679] [main/DEBUG] [mixin/]: Preparing mixinextras.init.mixins.json (0)
[26Aug2026 17:21:01.708] [main/DEBUG] [mixin/]: Prepared 4 mixins in 0.465 sec (116.2ms avg) (0ms load, 0ms transform, 0ms plugin)
[26Aug2026 17:21:02.041] [main/DEBUG] [io.netty.util.internal.logging.InternalLoggerFactory/]: Using SLF4J as the default logging framework
[26Aug2026 17:21:02.046] [main/DEBUG] [io.netty.util.ResourceLeakDetector/]: -Dio.netty.leakDetection.level: simple
[26Aug2026 17:21:02.046] [main/DEBUG] [io.netty.util.ResourceLeakDetector/]: -Dio.netty.leakDetection.targetRecords: 4
[26Aug2026 17:21:03.556] [Datafixer Bootstrap/INFO] [com.mojang.datafixers.DataFixerBuilder/]: 290 Datafixer optimizations took 647 milliseconds
[26Aug2026 17:21:04.006] [pool-9-thread-1/INFO] [MixinExtras|Service/]: Initializing MixinExtras via com.llamalad7.mixinextras.service.MixinExtrasServiceImpl(version=0.5.3).
[26Aug2026 17:21:04.007] [pool-9-thread-1/DEBUG] [mixin/]: Registering new injector for @SugarWrapper with com.llamalad7.mixinextras.sugar.impl.SugarWrapperInjectionInfo
[26Aug2026 17:21:04.008] [pool-9-thread-1/DEBUG] [mixin/]: Registering new injector for @FactoryRedirectWrapper with com.llamalad7.mixinextras.wrapper.factory.FactoryRedirectWrapperInjectionInfo
[26Aug2026 17:21:04.008] [pool-9-thread-1/DEBUG] [mixin/]: Registering new injector for @ExpressionInjectorWrapper with com.llamalad7.mixinextras.expression.impl.wrapper.ExpressionInjectorWrapperInjectionInfo
[26Aug2026 17:21:04.023] [pool-9-thread-1/DEBUG] [mixin/]: Mixing MappedRegistryAccessor from neoforge.mixins.json into net.minecraft.core.MappedRegistry
[26Aug2026 17:21:04.251] [pool-9-thread-1/DEBUG] [mixin/]: Mixing LivingEntityVanishMixin from standards.mixins.json into net.minecraft.world.entity.LivingEntity
[26Aug2026 17:21:04.335] [pool-9-thread-1/DEBUG] [mixin/]: standards.mixins.json:LivingEntityVanishMixin from mod standards->@Inject::standards$vanishedCannotBeShoved(Lorg/spongepowered/asm/mixin/injection/callback/CallbackInfoReturnable;)V does use it's CallbackInfoReturnable
[26Aug2026 17:21:05.580] [pool-9-thread-1/DEBUG] [mixin/]: Mixing BlockEntityTypeAccessor from neoforge.mixins.json into net.minecraft.world.level.block.entity.BlockEntityType
[26Aug2026 17:21:07.049] [pool-9-thread-1/DEBUG] [mixin/]: Mixing ServerPlayerVanishMixin from standards.mixins.json into net.minecraft.server.level.ServerPlayer
[26Aug2026 17:21:07.054] [pool-9-thread-1/DEBUG] [mixin/]: standards.mixins.json:ServerPlayerVanishMixin from mod standards->@Inject::standards$hideWhenVanished(Lnet/minecraft/server/level/ServerPlayer;Lorg/spongepowered/asm/mixin/injection/callback/CallbackInfoReturnable;)V does use it's CallbackInfoReturnable
[26Aug2026 17:21:12.094] [main/WARN] [net.minecraft.commands.Commands/]: Ambiguity between arguments [teleport, location] and [teleport, destination] with inputs: [0.1 -0.5 .9, 0 0 0]
[26Aug2026 17:21:12.098] [main/WARN] [net.minecraft.commands.Commands/]: Ambiguity between arguments [teleport, location] and [teleport, targets] with inputs: [0.1 -0.5 .9, 0 0 0]
[26Aug2026 17:21:12.103] [main/WARN] [net.minecraft.commands.Commands/]: Ambiguity between arguments [teleport, destination] and [teleport, targets] with inputs: [Player, 0123, @e, dd12be42-52a9-4a91-a8a1-11c01849e498]
[26Aug2026 17:21:12.106] [main/WARN] [net.minecraft.commands.Commands/]: Ambiguity between arguments [teleport, targets] and [teleport, destination] with inputs: [Player, 0123, dd12be42-52a9-4a91-a8a1-11c01849e498]
[26Aug2026 17:21:12.108] [main/WARN] [net.minecraft.commands.Commands/]: Ambiguity between arguments [teleport, targets, location] and [teleport, targets, destination] with inputs: [0.1 -0.5 .9, 0 0 0]
[26Aug2026 17:21:12.110] [main/WARN] [net.minecraft.commands.Commands/]: Ambiguity between arguments [waypoint, modify, waypoint, color, reset] and [waypoint, modify, waypoint, color, color] with inputs: [reset]
[26Aug2026 17:21:12.156] [main/DEBUG] [net.neoforged.fml.ModWorkManager/LOADING]: Using 22 threads for parallel mod-loading
[26Aug2026 17:21:12.174] [main/DEBUG] [net.neoforged.fml.javafmlmod.FMLModContainer/LOADING]: Creating FMLModContainer instance for standards with entrypoints [com.sablednah.standards.Standards]
[26Aug2026 17:21:12.180] [main/DEBUG] [net.neoforged.fml.javafmlmod.FMLModContainer/LOADING]: Creating FMLModContainer instance for neoforge with entrypoints [net.neoforged.neoforge.common.NeoForgeMod, net.neoforged.neoforge.common.OnlyInWarningsHandler, net.neoforged.neoforge.client.ClientNeoForgeMod]
[26Aug2026 17:21:12.187] [main/DEBUG] [net.neoforged.fml.javafmlmod.FMLModContainer/LOADING]: Creating FMLModContainer instance for factions with entrypoints [com.sablednah.factions.Factions]
[26Aug2026 17:21:12.194] [modloading-worker-0/INFO] [com.sablednah.standards.Standards/]: Standards initialising
[26Aug2026 17:21:12.221] [modloading-worker-0/INFO] [net.neoforged.neoforge.common.NeoForgeMod/NEOFORGE-MOD]: NeoForge mod loading, version 21.11.42, for MC 1.21.11
[26Aug2026 17:21:12.233] [modloading-worker-0/DEBUG] [net.neoforged.fml.config.ConfigTracker/CONFIG]: Config file standards-common.toml for standards tracking
[26Aug2026 17:21:12.242] [modloading-worker-0/DEBUG] [net.neoforged.fml.config.ConfigTracker/CONFIG]: Config file neoforge-server.toml for neoforge tracking
[26Aug2026 17:21:12.248] [modloading-worker-0/DEBUG] [net.neoforged.fml.config.ConfigTracker/CONFIG]: Config file neoforge-common.toml for neoforge tracking
[26Aug2026 17:21:12.292] [modloading-worker-0/DEBUG] [net.neoforged.fml.javafmlmod.AutomaticEventSubscriber/LOADING]: Attempting to inject @EventBusSubscriber classes into the eventbus for standards
[26Aug2026 17:21:12.297] [modloading-worker-0/DEBUG] [net.neoforged.fml.config.ConfigTracker/CONFIG]: Config file factions-common.toml for factions tracking
[26Aug2026 17:21:12.307] [modloading-worker-0/DEBUG] [net.neoforged.fml.javafmlmod.AutomaticEventSubscriber/LOADING]: Attempting to inject @EventBusSubscriber classes into the eventbus for factions
[26Aug2026 17:21:12.326] [modloading-worker-0/DEBUG] [net.neoforged.fml.config.ConfigTracker/CONFIG]: Config file neoforge-client.toml for neoforge tracking
[26Aug2026 17:21:12.355] [modloading-worker-0/DEBUG] [net.neoforged.fml.javafmlmod.AutomaticEventSubscriber/LOADING]: Attempting to inject @EventBusSubscriber classes into the eventbus for neoforge
[26Aug2026 17:21:12.356] [modloading-worker-0/DEBUG] [net.neoforged.fml.javafmlmod.AutomaticEventSubscriber/LOADING]: Scanning class net.neoforged.neoforge.attachment.AttachmentInternals for @SubscribeEvent-annotated methods
[26Aug2026 17:21:12.357] [modloading-worker-0/DEBUG] [net.neoforged.fml.javafmlmod.AutomaticEventSubscriber/LOADING]: Subscribing method public static void net.neoforged.neoforge.attachment.AttachmentInternals.onPlayerClone(net.neoforged.neoforge.event.entity.player.PlayerEvent$Clone) to the game event bus
[26Aug2026 17:21:12.359] [modloading-worker-0/DEBUG] [net.neoforged.fml.javafmlmod.AutomaticEventSubscriber/LOADING]: Subscribing method public static void net.neoforged.neoforge.attachment.AttachmentInternals.onLivingConvert(net.neoforged.neoforge.event.entity.living.LivingConversionEvent$Post) to the game event bus
[26Aug2026 17:21:12.360] [modloading-worker-0/DEBUG] [net.neoforged.fml.javafmlmod.AutomaticEventSubscriber/LOADING]: Scanning class net.neoforged.neoforge.attachment.AttachmentSync for @SubscribeEvent-annotated methods
[26Aug2026 17:21:12.364] [modloading-worker-0/DEBUG] [net.neoforged.fml.javafmlmod.AutomaticEventSubscriber/LOADING]: Subscribing method public static void net.neoforged.neoforge.attachment.AttachmentSync.onChunkSent(net.neoforged.neoforge.event.level.ChunkWatchEvent$Sent) to the game event bus
[26Aug2026 17:21:12.365] [modloading-worker-0/DEBUG] [net.neoforged.fml.javafmlmod.AutomaticEventSubscriber/LOADING]: Scanning class net.neoforged.neoforge.client.BlockEntityRenderBoundsDebugRenderer for @SubscribeEvent-annotated methods
[26Aug2026 17:21:12.368] [modloading-worker-0/DEBUG] [net.neoforged.fml.javafmlmod.AutomaticEventSubscriber/LOADING]: Subscribing method public static void net.neoforged.neoforge.client.BlockEntityRenderBoundsDebugRenderer.onRenderLevelStage(net.neoforged.neoforge.client.event.RenderLevelStageEvent$AfterEntities) to the game event bus
[26Aug2026 17:21:12.369] [modloading-worker-0/DEBUG] [net.neoforged.fml.javafmlmod.AutomaticEventSubscriber/LOADING]: Subscribing method public static void net.neoforged.neoforge.client.BlockEntityRenderBoundsDebugRenderer.onRegisterClientCommands(net.neoforged.neoforge.client.event.RegisterClientCommandsEvent) to the game event bus
[26Aug2026 17:21:12.370] [modloading-worker-0/DEBUG] [net.neoforged.fml.javafmlmod.AutomaticEventSubscriber/LOADING]: Subscribing method public static void net.neoforged.neoforge.client.BlockEntityRenderBoundsDebugRenderer.onExtractLevelRenderState(net.neoforged.neoforge.client.event.ExtractLevelRenderStateEvent) to the game event bus
[26Aug2026 17:21:12.370] [modloading-worker-0/DEBUG] [net.neoforged.fml.javafmlmod.AutomaticEventSubscriber/LOADING]: Scanning class net.neoforged.neoforge.client.NeoForgeRenderPipelines for @SubscribeEvent-annotated methods
[26Aug2026 17:21:12.397] [modloading-worker-0/DEBUG] [net.neoforged.fml.javafmlmod.AutomaticEventSubscriber/LOADING]: Subscribing method static void net.neoforged.neoforge.client.NeoForgeRenderPipelines.registerPipelines(net.neoforged.neoforge.client.event.RegisterRenderPipelinesEvent) to the event bus of mod neoforge
[26Aug2026 17:21:12.398] [modloading-worker-0/DEBUG] [net.neoforged.fml.javafmlmod.AutomaticEventSubscriber/LOADING]: Scanning class net.neoforged.neoforge.client.network.ClientPayloadHandler for @SubscribeEvent-annotated methods
[26Aug2026 17:21:12.438] [modloading-worker-0/DEBUG] [net.neoforged.fml.javafmlmod.AutomaticEventSubscriber/LOADING]: Subscribing method private static void net.neoforged.neoforge.client.network.ClientPayloadHandler.register(net.neoforged.neoforge.client.network.event.RegisterClientPayloadHandlersEvent) to the event bus of mod neoforge
[26Aug2026 17:21:12.439] [modloading-worker-0/DEBUG] [net.neoforged.fml.javafmlmod.AutomaticEventSubscriber/LOADING]: Scanning class net.neoforged.neoforge.common.MonsterRoomHooks for @SubscribeEvent-annotated methods
[26Aug2026 17:21:12.440] [modloading-worker-0/DEBUG] [net.neoforged.fml.javafmlmod.AutomaticEventSubscriber/LOADING]: Subscribing method public static void net.neoforged.neoforge.common.MonsterRoomHooks.onDataMapsUpdated(net.neoforged.neoforge.registries.datamaps.DataMapsUpdatedEvent) to the game event bus
[26Aug2026 17:21:12.440] [modloading-worker-0/DEBUG] [net.neoforged.fml.javafmlmod.AutomaticEventSubscriber/LOADING]: Scanning class net.neoforged.neoforge.model.data.ModelDataManager for @SubscribeEvent-annotated methods
[26Aug2026 17:21:12.442] [modloading-worker-0/DEBUG] [net.neoforged.fml.javafmlmod.AutomaticEventSubscriber/LOADING]: Subscribing method public static void net.neoforged.neoforge.model.data.ModelDataManager.onChunkUnload(net.neoforged.neoforge.event.level.ChunkEvent$Unload) to the game event bus
[26Aug2026 17:21:12.442] [modloading-worker-0/DEBUG] [net.neoforged.fml.javafmlmod.AutomaticEventSubscriber/LOADING]: Scanning class net.neoforged.neoforge.network.ConfigurationInitialization for @SubscribeEvent-annotated methods
[26Aug2026 17:21:12.446] [modloading-worker-0/DEBUG] [net.neoforged.fml.javafmlmod.AutomaticEventSubscriber/LOADING]: Subscribing method private static void net.neoforged.neoforge.network.ConfigurationInitialization.configureModdedClient(net.neoforged.neoforge.network.event.RegisterConfigurationTasksEvent) to the event bus of mod neoforge
[26Aug2026 17:21:12.447] [modloading-worker-0/DEBUG] [net.neoforged.fml.javafmlmod.AutomaticEventSubscriber/LOADING]: Scanning class net.neoforged.neoforge.network.NetworkInitialization for @SubscribeEvent-annotated methods
[26Aug2026 17:21:12.448] [modloading-worker-0/DEBUG] [net.neoforged.fml.javafmlmod.AutomaticEventSubscriber/LOADING]: Subscribing method private static void net.neoforged.neoforge.network.NetworkInitialization.register(net.neoforged.neoforge.network.event.RegisterPayloadHandlersEvent) to the event bus of mod neoforge
[26Aug2026 17:21:12.449] [modloading-worker-0/DEBUG] [net.neoforged.fml.javafmlmod.AutomaticEventSubscriber/LOADING]: Scanning class net.neoforged.neoforge.network.filters.GenericPacketSplitter for @SubscribeEvent-annotated methods
[26Aug2026 17:21:12.486] [modloading-worker-0/DEBUG] [io.netty.util.internal.PlatformDependent0/]: Java version: 21
[26Aug2026 17:21:12.486] [modloading-worker-0/DEBUG] [io.netty.util.internal.PlatformDependent0/]: -Dio.netty.noUnsafe: false
[26Aug2026 17:21:12.488] [modloading-worker-0/DEBUG] [io.netty.util.internal.PlatformDependent0/]: sun.misc.Unsafe.theUnsafe: available
[26Aug2026 17:21:12.488] [modloading-worker-0/DEBUG] [io.netty.util.internal.PlatformDependent0/]: sun.misc.Unsafe base methods: all available
[26Aug2026 17:21:12.489] [modloading-worker-0/DEBUG] [io.netty.util.internal.PlatformDependent0/]: java.nio.Buffer.address: available
[26Aug2026 17:21:12.490] [modloading-worker-0/DEBUG] [io.netty.util.internal.PlatformDependent0/]: direct buffer constructor: unavailable: Reflective setAccessible(true) disabled
[26Aug2026 17:21:12.490] [modloading-worker-0/DEBUG] [io.netty.util.internal.PlatformDependent0/]: java.nio.Bits.unaligned: available, true
[26Aug2026 17:21:12.491] [modloading-worker-0/DEBUG] [io.netty.util.internal.PlatformDependent0/]: jdk.internal.misc.Unsafe.allocateUninitializedArray(int): unavailable: symbolic reference class is not accessible: class jdk.internal.misc.Unsafe, from class io.netty.util.internal.PlatformDependent0 (unnamed module @4c309d4d)
[26Aug2026 17:21:12.493] [modloading-worker-0/DEBUG] [io.netty.util.internal.PlatformDependent0/]: java.nio.DirectByteBuffer.<init>(long, {int,long}): unavailable
[26Aug2026 17:21:12.493] [modloading-worker-0/DEBUG] [io.netty.util.internal.PlatformDependent/]: sun.misc.Unsafe: available
[26Aug2026 17:21:12.493] [modloading-worker-0/DEBUG] [io.netty.util.internal.PlatformDependent/]: -Dio.netty.tmpdir: C:\Users\darre\AppData\Local\Temp (java.io.tmpdir)
[26Aug2026 17:21:12.494] [modloading-worker-0/DEBUG] [io.netty.util.internal.PlatformDependent/]: -Dio.netty.bitMode: 64 (sun.arch.data.model)
[26Aug2026 17:21:12.494] [modloading-worker-0/DEBUG] [io.netty.util.internal.PlatformDependent/]: Platform: Windows
[26Aug2026 17:21:12.494] [modloading-worker-0/DEBUG] [io.netty.util.internal.PlatformDependent/]: -Dio.netty.maxDirectMemory: -1 bytes
[26Aug2026 17:21:12.496] [modloading-worker-0/DEBUG] [io.netty.util.internal.CleanerJava9/]: java.nio.ByteBuffer.cleaner(): available
[26Aug2026 17:21:12.496] [modloading-worker-0/DEBUG] [io.netty.util.internal.PlatformDependent/]: -Dio.netty.noPreferDirect: false
[26Aug2026 17:21:12.497] [modloading-worker-0/DEBUG] [io.netty.util.internal.PlatformDependent/]: -Dio.netty.jfr.enabled: true
[26Aug2026 17:21:12.507] [modloading-worker-0/DEBUG] [io.netty.buffer.AbstractByteBuf/]: -Dio.netty.buffer.checkAccessible: true
[26Aug2026 17:21:12.508] [modloading-worker-0/DEBUG] [io.netty.buffer.AbstractByteBuf/]: -Dio.netty.buffer.checkBounds: true
[26Aug2026 17:21:12.509] [modloading-worker-0/DEBUG] [io.netty.util.ResourceLeakDetectorFactory/]: Loaded default ResourceLeakDetector: io.netty.util.ResourceLeakDetector@61923c58
[26Aug2026 17:21:12.521] [modloading-worker-0/DEBUG] [io.netty.util.internal.InternalThreadLocalMap/]: -Dio.netty.threadLocalMap.stringBuilder.initialSize: 1024
[26Aug2026 17:21:12.521] [modloading-worker-0/DEBUG] [io.netty.util.internal.InternalThreadLocalMap/]: -Dio.netty.threadLocalMap.stringBuilder.maxSize: 4096
[26Aug2026 17:21:12.523] [modloading-worker-0/DEBUG] [io.netty.buffer.AdaptiveByteBufAllocator/]: -Dio.netty.allocator.useCachedMagazinesForNonEventLoopThreads: false
[26Aug2026 17:21:12.537] [modloading-worker-0/DEBUG] [io.netty.util.Recycler/]: -Dio.netty.recycler.maxCapacityPerThread: 4096
[26Aug2026 17:21:12.537] [modloading-worker-0/DEBUG] [io.netty.util.Recycler/]: -Dio.netty.recycler.ratio: 8
[26Aug2026 17:21:12.537] [modloading-worker-0/DEBUG] [io.netty.util.Recycler/]: -Dio.netty.recycler.chunkSize: 32
[26Aug2026 17:21:12.537] [modloading-worker-0/DEBUG] [io.netty.util.Recycler/]: -Dio.netty.recycler.blocking: false
[26Aug2026 17:21:12.537] [modloading-worker-0/DEBUG] [io.netty.util.Recycler/]: -Dio.netty.recycler.batchFastThreadLocalOnly: true
[26Aug2026 17:21:12.544] [modloading-worker-0/DEBUG] [io.netty.buffer.ByteBufUtil/]: -Dio.netty.allocator.type: adaptive
[26Aug2026 17:21:12.544] [modloading-worker-0/DEBUG] [io.netty.buffer.ByteBufUtil/]: -Dio.netty.threadLocalDirectBufferSize: 0
[26Aug2026 17:21:12.545] [modloading-worker-0/DEBUG] [io.netty.buffer.ByteBufUtil/]: -Dio.netty.maxThreadLocalCharBufferSize: 16384
[26Aug2026 17:21:12.553] [modloading-worker-0/DEBUG] [net.neoforged.fml.javafmlmod.AutomaticEventSubscriber/LOADING]: Subscribing method private static void net.neoforged.neoforge.network.filters.GenericPacketSplitter.register(net.neoforged.neoforge.network.event.RegisterPayloadHandlersEvent) to the event bus of mod neoforge
[26Aug2026 17:21:12.771] [modloading-sync-worker/DEBUG] [net.neoforged.fml.config.ConfigTracker/CONFIG]: Loading configs type CLIENT
[26Aug2026 17:21:12.802] [modloading-sync-worker/DEBUG] [net.neoforged.neoforge.common.NeoForgeMod/FORGEMOD]: Loaded NeoForge config file neoforge-client.toml
[26Aug2026 17:21:12.804] [modloading-sync-worker/DEBUG] [net.neoforged.fml.config.ConfigTracker/CONFIG]: Loaded TOML config file D:\Repos\sable\SableCraft-Standards\runThird\config\neoforge-client.toml
[26Aug2026 17:21:12.815] [modloading-sync-worker/DEBUG] [net.neoforged.fml.config.ConfigTracker/CONFIG]: Watching TOML config file D:\Repos\sable\SableCraft-Standards\runThird\config\neoforge-client.toml for changes
[26Aug2026 17:21:12.816] [modloading-sync-worker/DEBUG] [net.neoforged.fml.config.ConfigTracker/CONFIG]: Loading configs type COMMON
[26Aug2026 17:21:12.840] [modloading-sync-worker/WARN] [net.neoforged.fml.config.ConfigTracker/CONFIG]: Configuration file D:\Repos\sable\SableCraft-Standards\runThird\config\standards-common.toml is not correct. Correcting
[26Aug2026 17:21:12.851] [modloading-sync-worker/DEBUG] [net.neoforged.neoforge.common.ModConfigSpec/CORE]: List on key groupTagKinds is deemed to need correction, as it is null, not a list, or the wrong size.
[26Aug2026 17:21:12.863] [modloading-sync-worker/DEBUG] [net.neoforged.fml.config.ConfigTracker/CONFIG]: Loaded TOML config file D:\Repos\sable\SableCraft-Standards\runThird\config\standards-common.toml
[26Aug2026 17:21:12.864] [modloading-sync-worker/DEBUG] [net.neoforged.fml.config.ConfigTracker/CONFIG]: Watching TOML config file D:\Repos\sable\SableCraft-Standards\runThird\config\standards-common.toml for changes
[26Aug2026 17:21:12.877] [modloading-sync-worker/DEBUG] [net.neoforged.neoforge.common.NeoForgeMod/FORGEMOD]: Loaded NeoForge config file neoforge-common.toml
[26Aug2026 17:21:12.878] [modloading-sync-worker/DEBUG] [net.neoforged.fml.config.ConfigTracker/CONFIG]: Loaded TOML config file D:\Repos\sable\SableCraft-Standards\runThird\config\neoforge-common.toml
[26Aug2026 17:21:12.879] [modloading-sync-worker/DEBUG] [net.neoforged.fml.config.ConfigTracker/CONFIG]: Watching TOML config file D:\Repos\sable\SableCraft-Standards\runThird\config\neoforge-common.toml for changes
[26Aug2026 17:21:12.902] [modloading-sync-worker/DEBUG] [net.neoforged.fml.config.ConfigTracker/CONFIG]: Loaded TOML config file D:\Repos\sable\SableCraft-Standards\runThird\config\factions-common.toml
[26Aug2026 17:21:12.903] [modloading-sync-worker/DEBUG] [net.neoforged.fml.config.ConfigTracker/CONFIG]: Watching TOML config file D:\Repos\sable\SableCraft-Standards\runThird\config\factions-common.toml for changes
[26Aug2026 17:21:13.217] [Render thread/INFO] [com.mojang.authlib.yggdrasil.YggdrasilAuthenticationService/]: Environment: Environment[sessionHost=https://sessionserver.mojang.com, servicesHost=https://api.minecraftservices.com, profilesHost=https://api.mojang.com, name=PROD]
[26Aug2026 17:21:13.237] [Render thread/INFO] [net.minecraft.client.Minecraft/]: Setting user: TestThird
[26Aug2026 17:21:13.373] [Render thread/INFO] [net.minecraft.client.Minecraft/]: Backend library: LWJGL version 3.3.3+5
[26Aug2026 17:21:13.632] [Render thread/INFO] [net.minecraft.client.Minecraft/]: Using optional rendering extensions: GL_ARB_buffer_storage, GL_KHR_debug, GL_ARB_vertex_attrib_binding, GL_ARB_direct_state_access, GL_EXT_texture_filter_anisotropic
[26Aug2026 17:21:14.466] [Render thread/INFO] [net.minecraft.server.packs.resources.ReloadableResourceManager/]: Reloading ResourceManager: vanilla, mod_resources, mod/standards, mod/neoforge, mod/factions
[26Aug2026 17:21:14.841] [resourceLoad/INFO] [net.minecraft.client.gui.font.providers.UnihexProvider/]: Found unifont_all_no_pua-17.0.01.hex, loading
[26Aug2026 17:21:14.841] [resourceLoad/INFO] [net.minecraft.client.gui.font.providers.UnihexProvider/]: Found unifont_pua-17.0.01.hex, loading
[26Aug2026 17:21:14.844] [Render thread/DEBUG] [net.neoforged.fml.DeferredWorkQueue/LOADING]: Dispatching synchronous work for work queue Common setup: 3 jobs
[26Aug2026 17:21:14.862] [resourceLoad/INFO] [net.minecraft.client.gui.font.providers.UnihexProvider/]: Found unifont_jp_patch-17.0.01.hex, loading
[26Aug2026 17:21:14.894] [Render thread/INFO] [com.sablednah.standards.api.economy.Economy/]: Standards: economy provider 'Standards' registered (priority -1000); 'Standards' now holds the money
[26Aug2026 17:21:14.948] [Render thread/INFO] [com.sablednah.factions.Factions/]: Factions ReForged: strings contributed to the Standards catalogue
[26Aug2026 17:21:14.950] [Render thread/DEBUG] [net.neoforged.fml.DeferredWorkQueue/LOADING]: Synchronous work queue completed in 105.8 ms
[26Aug2026 17:21:17.576] [Render thread/INFO] [com.mojang.blaze3d.audio.Library/]: OpenAL initialized on device OpenAL Soft on Speakers (Realtek(R) Audio)
[26Aug2026 17:21:17.577] [Render thread/INFO] [net.minecraft.client.sounds.SoundEngine/SOUNDS]: Sound engine started
[26Aug2026 17:21:17.578] [Render thread/INFO] [net.minecraft.client.renderer.texture.TextureAtlas/]: Created: 512x256x0 minecraft:textures/atlas/particles.png-atlas
[26Aug2026 17:21:17.656] [Render thread/INFO] [net.minecraft.client.renderer.texture.TextureAtlas/]: Created: 128x128x0 minecraft:textures/atlas/decorated_pot.png-atlas
[26Aug2026 17:21:17.666] [Render thread/INFO] [net.minecraft.client.renderer.texture.TextureAtlas/]: Created: 2048x1024x0 minecraft:textures/atlas/armor_trims.png-atlas
[26Aug2026 17:21:17.845] [Render thread/INFO] [net.minecraft.client.renderer.texture.TextureAtlas/]: Created: 512x256x0 minecraft:textures/atlas/paintings.png-atlas
[26Aug2026 17:21:17.864] [Render thread/INFO] [net.minecraft.client.renderer.texture.TextureAtlas/]: Created: 1024x512x0 minecraft:textures/atlas/shield_patterns.png-atlas
[26Aug2026 17:21:17.889] [Render thread/INFO] [net.minecraft.client.renderer.texture.TextureAtlas/]: Created: 2048x2048x4 minecraft:textures/atlas/blocks.png-atlas
[26Aug2026 17:21:18.766] [Render thread/INFO] [net.minecraft.client.renderer.texture.TextureAtlas/]: Created: 512x512x0 minecraft:textures/atlas/chest.png-atlas
[26Aug2026 17:21:18.778] [Render thread/INFO] [net.minecraft.client.renderer.texture.TextureAtlas/]: Created: 256x128x0 minecraft:textures/atlas/celestials.png-atlas
[26Aug2026 17:21:18.782] [Render thread/INFO] [net.minecraft.client.renderer.texture.TextureAtlas/]: Created: 1024x512x0 minecraft:textures/atlas/banner_patterns.png-atlas
[26Aug2026 17:21:18.810] [Render thread/INFO] [net.minecraft.client.renderer.texture.TextureAtlas/]: Created: 512x512x0 minecraft:textures/atlas/beds.png-atlas
[26Aug2026 17:21:18.825] [Render thread/INFO] [net.minecraft.client.renderer.texture.TextureAtlas/]: Created: 1024x512x0 minecraft:textures/atlas/items.png-atlas
[26Aug2026 17:21:19.067] [Render thread/INFO] [net.minecraft.client.renderer.texture.TextureAtlas/]: Created: 1024x1024x0 minecraft:textures/atlas/gui.png-atlas
[26Aug2026 17:21:19.213] [Render thread/INFO] [net.minecraft.client.renderer.texture.TextureAtlas/]: Created: 128x64x0 minecraft:textures/atlas/map_decorations.png-atlas
[26Aug2026 17:21:19.221] [Render thread/INFO] [net.minecraft.client.renderer.texture.TextureAtlas/]: Created: 512x256x0 minecraft:textures/atlas/signs.png-atlas
[26Aug2026 17:21:19.232] [Render thread/INFO] [net.minecraft.client.renderer.texture.TextureAtlas/]: Created: 512x512x0 minecraft:textures/atlas/shulker_boxes.png-atlas
[26Aug2026 17:21:19.475] [Render thread/INFO] [net.neoforged.neoforge.client.entity.animation.json.AnimationLoader/]: Loaded 0 entity animations
[26Aug2026 17:21:21.303] [Render thread/DEBUG] [net.neoforged.fml.classloading.transformation.ClassTransformStatistics/]: Transformed/total loaded classes: 386/7221 (5.35%) and 32 parsed for mixin
[26Aug2026 17:21:21.372] [Render thread/INFO] [net.minecraft.client.gui.screens.ConnectScreen/]: Connecting to 127.0.0.1, 25569
[26Aug2026 17:21:22.038] [Server Connector #1/DEBUG] [io.netty.channel.kqueue.KQueue/]: KQueue support is not available: null
[26Aug2026 17:21:22.044] [Server Connector #1/DEBUG] [io.netty.channel.epoll.Epoll/]: Epoll support is not available: null
[26Aug2026 17:21:22.045] [Server Connector #1/DEBUG] [net.neoforged.neoforge.network.DualStackUtils/]: Detected IPv4 address: "127.0.0.1"
[26Aug2026 17:21:22.056] [Server Connector #1/DEBUG] [io.netty.channel.MultithreadEventLoopGroup/]: -Dio.netty.eventLoopThreads: 44
[26Aug2026 17:21:22.059] [Server Connector #1/DEBUG] [io.netty.channel.nio.NioIoHandler/]: -Dio.netty.noKeySetOptimization: false
[26Aug2026 17:21:22.059] [Server Connector #1/DEBUG] [io.netty.channel.nio.NioIoHandler/]: -Dio.netty.selectorAutoRebuildThreshold: 512
[26Aug2026 17:21:22.073] [Server Connector #1/DEBUG] [io.netty.util.concurrent.GlobalEventExecutor/]: -Dio.netty.globalEventExecutor.quietPeriodSeconds: 1
[26Aug2026 17:21:22.091] [Server Connector #1/DEBUG] [io.netty.util.internal.PlatformDependent/]: org.jctools-core.MpscChunkedArrayQueue: available
[26Aug2026 17:21:22.190] [Server Connector #1/DEBUG] [io.netty.channel.DefaultChannelId/]: -Dio.netty.processId: 111192 (auto-detected)
[26Aug2026 17:21:22.192] [Server Connector #1/DEBUG] [io.netty.util.NetUtil/]: -Djava.net.preferIPv4Stack: true
[26Aug2026 17:21:22.193] [Server Connector #1/DEBUG] [io.netty.util.NetUtil/]: -Djava.net.preferIPv6Addresses: false
[26Aug2026 17:21:22.216] [Server Connector #1/DEBUG] [io.netty.util.NetUtilInitializations/]: Loopback interface: loopback_0 (Software Loopback Interface 1, 0:0:0:0:0:0:0:1)
[26Aug2026 17:21:22.218] [Server Connector #1/DEBUG] [io.netty.util.NetUtil/]: Failed to get SOMAXCONN from sysctl and file \proc\sys\net\core\somaxconn. Default: 200
[26Aug2026 17:21:22.249] [Server Connector #1/DEBUG] [io.netty.channel.DefaultChannelId/]: -Dio.netty.machineId: c4:d6:d3:ff:fe:6e:30:31 (auto-detected)
[26Aug2026 17:21:22.275] [Server Connector #1/DEBUG] [io.netty.bootstrap.ChannelInitializerExtensions/]: -Dio.netty.bootstrap.extensions: null
[26Aug2026 17:21:22.489] [Netty NIO IO #0/DEBUG] [net.neoforged.neoforge.network.filters.NetworkFilters/]: Injected net.neoforged.neoforge.network.filters.GenericPacketSplitter@6589a6ae into net.minecraft.network.Connection@66e98b64
[26Aug2026 17:21:22.851] [Render thread/DEBUG] [net.neoforged.neoforge.common.NeoForgeMod/FORGEMOD]: NeoForge config just got changed on the file system!
[26Aug2026 17:21:24.593] [Render thread/WARN] [net.minecraft.client.multiplayer.ClientPacketListener/]: Ignoring chat session from sablednah due to missing Services public key
[26Aug2026 17:21:24.593] [Render thread/WARN] [net.minecraft.client.multiplayer.ClientPacketListener/]: Ignoring chat session from TestBuddy due to missing Services public key
[26Aug2026 17:21:24.594] [Render thread/WARN] [net.minecraft.client.multiplayer.ClientPacketListener/]: Ignoring chat session from TestThird due to missing Services public key
[26Aug2026 17:21:24.602] [Render thread/INFO] [net.minecraft.advancements.AdvancementTree/]: Loaded 2 advancements
[26Aug2026 17:21:24.815] [Render thread/INFO] [net.minecraft.client.renderer.DynamicUniformStorage/]: Resizing Dynamic Transforms UBO, capacity limit of 2 reached during a single frame. New capacity will be 4.
[26Aug2026 17:21:24.837] [Render thread/INFO] [net.minecraft.client.renderer.DynamicUniformStorage/]: Resizing Dynamic Transforms UBO, capacity limit of 4 reached during a single frame. New capacity will be 8.
[26Aug2026 17:21:24.990] [Render thread/INFO] [net.minecraft.client.renderer.DynamicUniformStorage/]: Resizing Dynamic Transforms UBO, capacity limit of 8 reached during a single frame. New capacity will be 16.
[26Aug2026 17:21:25.149] [Render thread/INFO] [net.minecraft.client.renderer.DynamicUniformStorage/]: Resizing Chunk Sections UBO, capacity limit of 2 reached during a single frame. New capacity will be 8.
[26Aug2026 17:21:25.229] [Render thread/INFO] [net.minecraft.client.renderer.DynamicUniformStorage/]: Resizing Chunk Sections UBO, capacity limit of 8 reached during a single frame. New capacity will be 16.
[26Aug2026 17:21:25.898] [Render thread/INFO] [net.minecraft.client.renderer.DynamicUniformStorage/]: Resizing Chunk Sections UBO, capacity limit of 16 reached during a single frame. New capacity will be 32.
[26Aug2026 17:21:26.096] [Render thread/INFO] [net.minecraft.client.renderer.DynamicUniformStorage/]: Resizing Chunk Sections UBO, capacity limit of 32 reached during a single frame. New capacity will be 64.
[26Aug2026 17:21:26.230] [Render thread/INFO] [net.minecraft.client.renderer.DynamicUniformStorage/]: Resizing Chunk Sections UBO, capacity limit of 64 reached during a single frame. New capacity will be 128.
[26Aug2026 17:21:26.447] [Render thread/INFO] [net.minecraft.client.renderer.DynamicUniformStorage/]: Resizing Chunk Sections UBO, capacity limit of 128 reached during a single frame. New capacity will be 256.
[26Aug2026 17:21:27.036] [Render thread/INFO] [net.minecraft.client.renderer.DynamicUniformStorage/]: Resizing Chunk Sections UBO, capacity limit of 256 reached during a single frame. New capacity will be 512.
[26Aug2026 17:21:40.735] [Render thread/INFO] [net.minecraft.client.gui.components.ChatComponent/]: [System] [CHAT] [Standards] Asked to join SableTopia. (they will be told)
[26Aug2026 17:22:08.267] [Render thread/INFO] [net.minecraft.client.gui.components.ChatComponent/]: [System] [CHAT] * TestThird is now away.
[26Aug2026 17:22:53.817] [Render thread/INFO] [net.minecraft.client.gui.components.ChatComponent/]: [System] [CHAT] * TestBuddy is back (away 3m 27s)
[26Aug2026 17:23:24.933] [Render thread/INFO] [net.minecraft.client.gui.components.ChatComponent/]: [System] [CHAT] * TestBuddy is now away.
[26Aug2026 17:24:49.389] [Render thread/INFO] [net.minecraft.client.gui.components.ChatComponent/]: [System] [CHAT] * TestBuddy is back (away 1m 23s)
[26Aug2026 17:25:30.608] [Render thread/INFO] [net.minecraft.client.gui.components.ChatComponent/]: [System] [CHAT] [Standards] Asked to join tbf. (they will be told)
[26Aug2026 17:25:55.012] [Render thread/INFO] [net.minecraft.client.gui.components.ChatComponent/]: [System] [CHAT] [Standards] You joined tbf.
[26Aug2026 17:26:36.060] [Render thread/INFO] [net.minecraft.client.gui.components.ChatComponent/]: [System] [CHAT] * TestBuddy is now away.
[26Aug2026 17:27:11.610] [Render thread/INFO] [net.minecraft.client.gui.components.ChatComponent/]: [System] [CHAT] * TestBuddy is back (away 35s)
[26Aug2026 17:27:24.930] [Render thread/INFO] [net.minecraft.client.gui.components.ChatComponent/]: [System] [CHAT] * sablednah is back (away 19m 47s)
[26Aug2026 17:27:42.725] [Render thread/INFO] [net.minecraft.client.gui.components.ChatComponent/]: [System] [CHAT] * TestBuddy is now away.
[26Aug2026 17:28:19.386] [Render thread/INFO] [net.minecraft.client.gui.components.ChatComponent/]: [System] [CHAT] * TestBuddy is back (away 36s)
[26Aug2026 17:28:49.375] [Render thread/INFO] [net.minecraft.client.gui.components.ChatComponent/]: [System] [CHAT] * TestBuddy is now away.
[26Aug2026 17:28:51.613] [Render thread/INFO] [net.minecraft.client.gui.components.ChatComponent/]: [System] [CHAT] * sablednah is now away.
[26Aug2026 17:29:20.765] [Render thread/INFO] [net.minecraft.client.gui.components.ChatComponent/]: [System] [CHAT] [Rcon] Restarting - officers may accept again
[26Aug2026 17:29:20.949] [Render thread/DEBUG] [net.neoforged.fml.config.ConfigTracker/CONFIG]: Unloading configs type SERVER
[26Aug2026 17:29:21.053] [Render thread/WARN] [net.minecraft.client.multiplayer.ClientCommonPacketListenerImpl/]: Client disconnected with reason: Disconnected
[26Aug2026 17:43:42.099] [Render thread/DEBUG] [net.neoforged.neoforge.network.DualStackUtils/]: Detected IPv6 address: "0:0:0:0:0:0:0:0"
[26Aug2026 17:44:06.657] [Render thread/INFO] [net.minecraft.client.gui.screens.ConnectScreen/]: Connecting to 127.0.0.1, 25569
[26Aug2026 17:44:06.667] [Server Connector #2/DEBUG] [net.neoforged.neoforge.network.DualStackUtils/]: Detected IPv4 address: "127.0.0.1"
[26Aug2026 17:44:06.752] [Netty NIO IO #1/DEBUG] [net.neoforged.neoforge.network.filters.NetworkFilters/]: Injected net.neoforged.neoforge.network.filters.GenericPacketSplitter@6cce4710 into net.minecraft.network.Connection@29ccd4ed
[26Aug2026 17:44:06.933] [Render thread/DEBUG] [net.neoforged.neoforge.common.NeoForgeMod/FORGEMOD]: NeoForge config just got changed on the file system!
[26Aug2026 17:44:07.559] [Render thread/WARN] [net.minecraft.client.multiplayer.ClientPacketListener/]: Ignoring chat session from sablednah due to missing Services public key
[26Aug2026 17:44:07.560] [Render thread/WARN] [net.minecraft.client.multiplayer.ClientPacketListener/]: Ignoring chat session from TestBuddy due to missing Services public key
[26Aug2026 17:44:07.560] [Render thread/WARN] [net.minecraft.client.multiplayer.ClientPacketListener/]: Ignoring chat session from TestThird due to missing Services public key
[26Aug2026 17:44:07.561] [Render thread/INFO] [net.minecraft.advancements.AdvancementTree/]: Loaded 2 advancements
[26Aug2026 17:44:09.025] [Render thread/INFO] [net.minecraft.client.gui.components.ChatComponent/]: [System] [CHAT] * sablednah is now away.
[26Aug2026 17:44:13.303] [Render thread/INFO] [net.minecraft.client.gui.components.ChatComponent/]: [System] [CHAT] [Standards] tbf — 0 chunks, 2 members
[26Aug2026 17:44:13.305] [Render thread/INFO] [net.minecraft.client.gui.components.ChatComponent/]: [System] [CHAT]  - Bank ₡0 (next chunk ₡30)
[26Aug2026 17:44:13.316] [Render thread/INFO] [net.minecraft.client.gui.components.ChatComponent/]: [System] [CHAT]  - At peace with everyone, and nobody is waiting on you.
[26Aug2026 17:44:22.765] [Render thread/INFO] [net.minecraft.client.renderer.DynamicUniformStorage/]: Resizing Chunk Sections UBO, capacity limit of 512 reached during a single frame. New capacity will be 1024.
[26Aug2026 17:44:33.339] [Render thread/INFO] [net.minecraft.client.gui.components.ChatComponent/]: [System] [CHAT] * TestBuddy is now away.
[26Aug2026 17:44:34.460] [Render thread/INFO] [net.minecraft.client.gui.components.ChatComponent/]: [System] [CHAT] * TestBuddy is back (away 1s)
[26Aug2026 17:44:38.899] [Render thread/INFO] [net.minecraft.client.gui.components.ChatComponent/]: [System] [CHAT] * sablednah is back (away 30s)
[26Aug2026 17:45:41.131] [Render thread/INFO] [net.minecraft.client.gui.components.ChatComponent/]: [System] [CHAT] * TestBuddy is now away.
[26Aug2026 17:45:41.132] [Render thread/INFO] [net.minecraft.client.gui.components.ChatComponent/]: [System] [CHAT] * TestThird is now away.
[26Aug2026 17:46:11.092] [Render thread/INFO] [net.minecraft.client.gui.components.ChatComponent/]: [System] [CHAT] [Standards] sablednah wants to join. (/f accept sablednah — or /f decline)
[26Aug2026 17:46:21.136] [Render thread/INFO] [net.minecraft.client.gui.components.ChatComponent/]: [System] [CHAT] * TestBuddy is back (away 39s)
[26Aug2026 17:46:47.540] [Render thread/INFO] [net.minecraft.client.gui.components.ChatComponent/]: [System] [CHAT] [Standards] tbf [none] — allied , 0 chunks, (2): TestBuddy, TestThird
[26Aug2026 17:46:51.124] [Render thread/INFO] [net.minecraft.client.gui.components.ChatComponent/]: [System] [CHAT] * TestBuddy is now away.
[26Aug2026 17:46:58.903] [Render thread/INFO] [net.minecraft.client.gui.components.ChatComponent/]: [System] [CHAT] * sablednah is now away.
[26Aug2026 17:47:05.185] [Render thread/INFO] [net.minecraft.client.gui.components.ChatComponent/]: [System] [CHAT] [Standards] Let sablednah in.
[26Aug2026 17:47:05.186] [Render thread/INFO] [net.minecraft.client.gui.components.ChatComponent/]: [System] [CHAT] [Standards] sablednah joined.
[26Aug2026 17:47:25.554] [Render thread/INFO] [net.minecraft.client.gui.components.ChatComponent/]: [System] [CHAT] [Standards] Nobody is waiting to join.
[26Aug2026 17:48:10.008] [Render thread/INFO] [net.minecraft.client.gui.components.ChatComponent/]: [System] [CHAT] * sablednah is back (away 1m 11s)
[26Aug2026 17:49:46.690] [Render thread/INFO] [net.minecraft.client.gui.components.ChatComponent/]: [System] [CHAT] * sablednah is now away.
[26Aug2026 17:51:32.229] [Render thread/INFO] [net.minecraft.client.gui.components.ChatComponent/]: [System] [CHAT] * sablednah is back (away 1m 45s)
[26Aug2026 17:51:37.808] [Render thread/INFO] [net.minecraft.client.gui.components.ChatComponent/]: [System] [CHAT] * TestBuddy is back (away 4m 46s)
[26Aug2026 17:51:51.124] [Render thread/INFO] [net.minecraft.client.gui.components.ChatComponent/]: [System] [CHAT] * TestThird is back (away 6m 8s)
[26Aug2026 17:52:21.127] [Render thread/INFO] [net.minecraft.client.gui.components.ChatComponent/]: [System] [CHAT] * TestThird is now away.
[26Aug2026 17:52:23.346] [Render thread/INFO] [net.minecraft.client.gui.components.ChatComponent/]: [System] [CHAT] * TestBuddy is now away.
[26Aug2026 17:52:29.723] [Render thread/INFO] [net.minecraft.client.gui.components.ChatComponent/]: [System] [CHAT] sablednah has made the advancement [Best Friends Forever]
[26Aug2026 17:53:50.009] [Render thread/INFO] [net.minecraft.client.gui.components.ChatComponent/]: [System] [CHAT] * sablednah is now away.
[26Aug2026 17:58:57.840] [Render thread/INFO] [net.minecraft.client.gui.components.ChatComponent/]: [System] [CHAT] * TestBuddy is back (away 6m 34s)
[26Aug2026 17:58:58.944] [Render thread/INFO] [net.minecraft.client.gui.components.ChatComponent/]: [System] [CHAT] * TestThird is back (away 6m 37s)
[26Aug2026 17:59:27.803] [Render thread/INFO] [net.minecraft.client.gui.components.ChatComponent/]: [System] [CHAT] * TestBuddy is now away.
[26Aug2026 17:59:28.905] [Render thread/INFO] [net.minecraft.client.gui.components.ChatComponent/]: [System] [CHAT] * TestThird is now away.
[26Aug2026 18:00:31.196] [Render thread/INFO] [net.minecraft.client.gui.components.ChatComponent/]: [System] [CHAT] * sablednah is back (away 6m 40s)
[26Aug2026 18:00:37.804] [Render thread/INFO] [net.minecraft.client.gui.components.ChatComponent/]: [System] [CHAT] * TestBuddy is back (away 1m 10s)
[26Aug2026 18:00:47.023] [Render thread/INFO] [net.minecraft.client.gui.components.ChatComponent/]: [System] [CHAT] sablednah was shot by Skeleton
[26Aug2026 18:00:50.030] [Render thread/INFO] [net.minecraft.client.gui.components.ChatComponent/]: [System] [CHAT] * TestThird is back (away 1m 20s)
[26Aug2026 18:01:07.872] [Render thread/INFO] [net.minecraft.client.gui.components.ChatComponent/]: [System] [CHAT] * TestBuddy is now away.
[26Aug2026 18:01:14.489] [Render thread/INFO] [net.minecraft.client.gui.components.ChatComponent/]: [System] [CHAT] * sablednah is now away.
[26Aug2026 18:01:16.225] [Render thread/INFO] [net.minecraft.client.gui.components.ChatComponent/]: [System] [CHAT] TestThird was shot by Skeleton
[26Aug2026 18:01:16.226] [Render thread/INFO] [net.minecraft.advancements.AdvancementTree/]: Loaded 41 advancements
[26Aug2026 18:01:35.638] [Render thread/INFO] [net.minecraft.client.gui.components.ChatComponent/]: [System] [CHAT] * TestThird is now away.
